// Jest Snapshot v1, https://goo.gl/fbAQLP

exports[`Inventory groups role Add permissions to group renders without failing 1`] = `
<DocumentFragment>
  <div
    class="pf-v5-l-grid pf-m-gutter"
  >
    <div
      class="pf-v5-l-grid__item pf-m-3-col-on-md rbac-m-hide-on-sm"
    >
      <h4
        class="rbac-bold-text pf-v5-u-mt-sm"
        data-ouia-component-id="OUIA-Generated-Text-1"
        data-ouia-component-type="PF5/Text"
        data-ouia-safe="true"
        data-pf-content="true"
      >
        Permissions
      </h4>
    </div>
    <div
      class="pf-v5-l-grid__item pf-m-6-col-on-md pf-m-9-col-on-lg rbac-m-hide-on-sm"
    >
      <h4
        class="rbac-bold-text pf-v5-u-mt-sm"
        data-ouia-component-id="OUIA-Generated-Text-2"
        data-ouia-component-type="PF5/Text"
        data-ouia-safe="true"
        data-pf-content="true"
      >
        Workspaces definition
      </h4>
    </div>
    <div
      class="pf-v5-l-grid"
    >
      <div
        class="pf-v5-l-grid__item pf-m-3-col-on-md"
      >
        <div
          class="pf-v5-c-form__group"
        >
          <div
            class="pf-v5-c-form__group-label"
          >
            <label
              class="pf-v5-c-form__label"
            >
              <span
                class="pf-v5-c-form__label-text"
              >
                hosts:read
              </span>
              <span
                aria-hidden="true"
                class="pf-v5-c-form__label-required"
              >
                 *
              </span>
            </label>
             
          </div>
          <div
            class="pf-v5-c-form__group-control"
          />
        </div>
      </div>
      <div
        class="pf-v5-l-grid__item pf-m-7-col-on-md"
      >
        <div
          style="display: contents;"
        >
          <div
            class="pf-v5-c-menu-toggle pf-m-full-width pf-m-typeahead"
          >
            <div
              class="pf-v5-c-text-input-group pf-m-plain"
            >
              <div
                autocomplete="off"
                class="pf-v5-c-text-input-group__main"
              >
                <span
                  class="pf-v5-c-text-input-group__text"
                >
                  <input
                    aria-expanded="false"
                    aria-label="Type to filter"
                    class="pf-v5-c-text-input-group__text-input"
                    placeholder="Select workspaces"
                    role="combobox"
                    type="text"
                    value=""
                  />
                </span>
              </div>
              <div
                class="pf-v5-c-text-input-group__utilities"
              />
            </div>
            <button
              aria-expanded="false"
              aria-label="Select workspaces to add permissions for"
              class="pf-v5-c-menu-toggle__button"
              tabindex="-1"
              type="button"
            >
              <span
                class="pf-v5-c-menu-toggle__controls"
              >
                <span
                  class="pf-v5-c-menu-toggle__toggle-icon"
                >
                  <svg
                    aria-hidden="true"
                    class="pf-v5-svg"
                    fill="currentColor"
                    height="1em"
                    role="img"
                    viewBox="0 0 320 512"
                    width="1em"
                  >
                    <path
                      d="M31.3 192h257.3c17.8 0 26.7 21.5 14.1 34.1L174.1 354.8c-7.8 7.8-20.5 7.8-28.3 0L17.2 226.1C4.6 213.5 13.5 192 31.3 192z"
                    />
                  </svg>
                </span>
              </span>
            </button>
          </div>
        </div>
      </div>
      <div
        class="pf-v5-l-grid__item pf-m-2-col-on-md"
      >
        <button
          aria-disabled="false"
          class="pf-v5-c-button pf-m-link"
          data-ouia-component-id="OUIA-Generated-Button-link-1"
          data-ouia-component-type="PF5/Button"
          data-ouia-safe="true"
          type="button"
        >
          Copy to all
        </button>
      </div>
    </div>
    <div
      class="pf-v5-l-grid"
    >
      <div
        class="pf-v5-l-grid__item pf-m-3-col-on-md"
      >
        <div
          class="pf-v5-c-form__group"
        >
          <div
            class="pf-v5-c-form__group-label"
          >
            <label
              class="pf-v5-c-form__label"
            >
              <span
                class="pf-v5-c-form__label-text"
              >
                groups:write
              </span>
              <span
                aria-hidden="true"
                class="pf-v5-c-form__label-required"
              >
                 *
              </span>
            </label>
             
          </div>
          <div
            class="pf-v5-c-form__group-control"
          />
        </div>
      </div>
      <div
        class="pf-v5-l-grid__item pf-m-7-col-on-md"
      >
        <div
          style="display: contents;"
        >
          <div
            class="pf-v5-c-menu-toggle pf-m-full-width pf-m-typeahead"
          >
            <div
              class="pf-v5-c-text-input-group pf-m-plain"
            >
              <div
                autocomplete="off"
                class="pf-v5-c-text-input-group__main"
              >
                <span
                  class="pf-v5-c-text-input-group__text"
                >
                  <input
                    aria-expanded="false"
                    aria-label="Type to filter"
                    class="pf-v5-c-text-input-group__text-input"
                    placeholder="Select workspaces"
                    role="combobox"
                    type="text"
                    value=""
                  />
                </span>
              </div>
              <div
                class="pf-v5-c-text-input-group__utilities"
              />
            </div>
            <button
              aria-expanded="false"
              aria-label="Select workspaces to add permissions for"
              class="pf-v5-c-menu-toggle__button"
              tabindex="-1"
              type="button"
            >
              <span
                class="pf-v5-c-menu-toggle__controls"
              >
                <span
                  class="pf-v5-c-menu-toggle__toggle-icon"
                >
                  <svg
                    aria-hidden="true"
                    class="pf-v5-svg"
                    fill="currentColor"
                    height="1em"
                    role="img"
                    viewBox="0 0 320 512"
                    width="1em"
                  >
                    <path
                      d="M31.3 192h257.3c17.8 0 26.7 21.5 14.1 34.1L174.1 354.8c-7.8 7.8-20.5 7.8-28.3 0L17.2 226.1C4.6 213.5 13.5 192 31.3 192z"
                    />
                  </svg>
                </span>
              </span>
            </button>
          </div>
        </div>
      </div>
      <div
        class="pf-v5-l-grid__item pf-m-2-col-on-md"
      />
    </div>
  </div>
</DocumentFragment>
`;
