// Jest Snapshot v1, https://goo.gl/fbAQLP

exports[`<MyUserAccess /> should render correctly 1`] = `
<MyUserAccess>
  <Spinner>
    <span
      aria-valuetext="Loading..."
      className="pf-c-spinner pf-m-xl"
      role="progressbar"
    >
      <span
        className="pf-c-spinner__clipper"
      />
      <span
        className="pf-c-spinner__lead-ball"
      />
      <span
        className="pf-c-spinner__tail-ball"
      />
    </span>
  </Spinner>
</MyUserAccess>
`;
