// Jest Snapshot v1, https://goo.gl/fbAQLP

exports[`RoleResourceDefinitions - Cost management should render resource definitions table 1`] = `
<table
  aria-label="resources table"
  class="pf-v5-c-table pf-m-grid-md pf-m-compact"
  data-ouia-component-id="OUIA-Generated-Table-2"
  data-ouia-component-type="PF5/Table"
  data-ouia-safe="true"
  role="grid"
>
  <tbody
    class="pf-v5-c-table__tbody"
    role="rowgroup"
  >
    <tr
      class="pf-v5-c-table__tr"
      data-ouia-component-id="OUIA-Generated-TableRow-1"
      data-ouia-component-type="PF5/TableRow"
      data-ouia-safe="true"
    >
      <td
        class="pf-v5-c-table__td"
        data-key="0"
        data-label="column-0"
        tabindex="-1"
      >
        test
      </td>
    </tr>
    <tr
      class="pf-v5-c-table__tr"
      data-ouia-component-id="OUIA-Generated-TableRow-2"
      data-ouia-component-type="PF5/TableRow"
      data-ouia-safe="true"
    >
      <td
        class="pf-v5-c-table__td"
        data-key="0"
        data-label="column-0"
        tabindex="-1"
      >
        test
      </td>
    </tr>
    <tr
      class="pf-v5-c-table__tr"
      data-ouia-component-id="OUIA-Generated-TableRow-3"
      data-ouia-component-type="PF5/TableRow"
      data-ouia-safe="true"
    >
      <td
        class="pf-v5-c-table__td"
        data-key="0"
        data-label="column-0"
        tabindex="-1"
      >
        test
      </td>
    </tr>
    <tr
      class="pf-v5-c-table__tr"
      data-ouia-component-id="OUIA-Generated-TableRow-4"
      data-ouia-component-type="PF5/TableRow"
      data-ouia-safe="true"
    >
      <td
        class="pf-v5-c-table__td"
        data-key="0"
        data-label="column-0"
        tabindex="-1"
      >
        test
      </td>
    </tr>
    <tr
      class="pf-v5-c-table__tr"
      data-ouia-component-id="OUIA-Generated-TableRow-5"
      data-ouia-component-type="PF5/TableRow"
      data-ouia-safe="true"
    >
      <td
        class="pf-v5-c-table__td"
        data-key="0"
        data-label="column-0"
        tabindex="-1"
      >
        test
      </td>
    </tr>
    <tr
      class="pf-v5-c-table__tr"
      data-ouia-component-id="OUIA-Generated-TableRow-6"
      data-ouia-component-type="PF5/TableRow"
      data-ouia-safe="true"
    >
      <td
        class="pf-v5-c-table__td"
        data-key="0"
        data-label="column-0"
        tabindex="-1"
      >
        test
      </td>
    </tr>
    <tr
      class="pf-v5-c-table__tr"
      data-ouia-component-id="OUIA-Generated-TableRow-7"
      data-ouia-component-type="PF5/TableRow"
      data-ouia-safe="true"
    >
      <td
        class="pf-v5-c-table__td"
        data-key="0"
        data-label="column-0"
        tabindex="-1"
      >
        test
      </td>
    </tr>
    <tr
      class="pf-v5-c-table__tr"
      data-ouia-component-id="OUIA-Generated-TableRow-8"
      data-ouia-component-type="PF5/TableRow"
      data-ouia-safe="true"
    >
      <td
        class="pf-v5-c-table__td"
        data-key="0"
        data-label="column-0"
        tabindex="-1"
      >
        test
      </td>
    </tr>
    <tr
      class="pf-v5-c-table__tr"
      data-ouia-component-id="OUIA-Generated-TableRow-9"
      data-ouia-component-type="PF5/TableRow"
      data-ouia-safe="true"
    >
      <td
        class="pf-v5-c-table__td"
        data-key="0"
        data-label="column-0"
        tabindex="-1"
      >
        test
      </td>
    </tr>
    <tr
      class="pf-v5-c-table__tr"
      data-ouia-component-id="OUIA-Generated-TableRow-10"
      data-ouia-component-type="PF5/TableRow"
      data-ouia-safe="true"
    >
      <td
        class="pf-v5-c-table__td"
        data-key="0"
        data-label="column-0"
        tabindex="-1"
      >
        test
      </td>
    </tr>
    <tr
      class="pf-v5-c-table__tr"
      data-ouia-component-id="OUIA-Generated-TableRow-11"
      data-ouia-component-type="PF5/TableRow"
      data-ouia-safe="true"
    >
      <td
        class="pf-v5-c-table__td"
        data-key="0"
        data-label="column-0"
        tabindex="-1"
      >
        test
      </td>
    </tr>
    <tr
      class="pf-v5-c-table__tr"
      data-ouia-component-id="OUIA-Generated-TableRow-12"
      data-ouia-component-type="PF5/TableRow"
      data-ouia-safe="true"
    >
      <td
        class="pf-v5-c-table__td"
        data-key="0"
        data-label="column-0"
        tabindex="-1"
      >
        test
      </td>
    </tr>
    <tr
      class="pf-v5-c-table__tr"
      data-ouia-component-id="OUIA-Generated-TableRow-13"
      data-ouia-component-type="PF5/TableRow"
      data-ouia-safe="true"
    >
      <td
        class="pf-v5-c-table__td"
        data-key="0"
        data-label="column-0"
        tabindex="-1"
      >
        test
      </td>
    </tr>
    <tr
      class="pf-v5-c-table__tr"
      data-ouia-component-id="OUIA-Generated-TableRow-14"
      data-ouia-component-type="PF5/TableRow"
      data-ouia-safe="true"
    >
      <td
        class="pf-v5-c-table__td"
        data-key="0"
        data-label="column-0"
        tabindex="-1"
      >
        test
      </td>
    </tr>
    <tr
      class="pf-v5-c-table__tr"
      data-ouia-component-id="OUIA-Generated-TableRow-15"
      data-ouia-component-type="PF5/TableRow"
      data-ouia-safe="true"
    >
      <td
        class="pf-v5-c-table__td"
        data-key="0"
        data-label="column-0"
        tabindex="-1"
      >
        test
      </td>
    </tr>
    <tr
      class="pf-v5-c-table__tr"
      data-ouia-component-id="OUIA-Generated-TableRow-16"
      data-ouia-component-type="PF5/TableRow"
      data-ouia-safe="true"
    >
      <td
        class="pf-v5-c-table__td"
        data-key="0"
        data-label="column-0"
        tabindex="-1"
      >
        test
      </td>
    </tr>
    <tr
      class="pf-v5-c-table__tr"
      data-ouia-component-id="OUIA-Generated-TableRow-17"
      data-ouia-component-type="PF5/TableRow"
      data-ouia-safe="true"
    >
      <td
        class="pf-v5-c-table__td"
        data-key="0"
        data-label="column-0"
        tabindex="-1"
      >
        test
      </td>
    </tr>
    <tr
      class="pf-v5-c-table__tr"
      data-ouia-component-id="OUIA-Generated-TableRow-18"
      data-ouia-component-type="PF5/TableRow"
      data-ouia-safe="true"
    >
      <td
        class="pf-v5-c-table__td"
        data-key="0"
        data-label="column-0"
        tabindex="-1"
      >
        test
      </td>
    </tr>
    <tr
      class="pf-v5-c-table__tr"
      data-ouia-component-id="OUIA-Generated-TableRow-19"
      data-ouia-component-type="PF5/TableRow"
      data-ouia-safe="true"
    >
      <td
        class="pf-v5-c-table__td"
        data-key="0"
        data-label="column-0"
        tabindex="-1"
      >
        test
      </td>
    </tr>
    <tr
      class="pf-v5-c-table__tr"
      data-ouia-component-id="OUIA-Generated-TableRow-20"
      data-ouia-component-type="PF5/TableRow"
      data-ouia-safe="true"
    >
      <td
        class="pf-v5-c-table__td"
        data-key="0"
        data-label="column-0"
        tabindex="-1"
      >
        test
      </td>
    </tr>
  </tbody>
</table>
`;

exports[`RoleResourceDefinitions - Inventory should render resource definitions table 1`] = `
<table
  aria-label="resources table"
  class="pf-v5-c-table pf-m-grid-md pf-m-compact"
  data-ouia-component-id="OUIA-Generated-Table-8"
  data-ouia-component-type="PF5/Table"
  data-ouia-safe="true"
  role="grid"
>
  <tbody
    class="pf-v5-c-table__tbody"
    role="rowgroup"
  >
    <tr
      class="pf-v5-c-table__tr"
      data-ouia-component-id="OUIA-Generated-TableRow-61"
      data-ouia-component-type="PF5/TableRow"
      data-ouia-safe="true"
    >
      <td
        class="pf-v5-c-table__td"
        data-key="0"
        data-label="column-0"
        tabindex="-1"
      >
        Ungrouped systems
      </td>
    </tr>
    <tr
      class="pf-v5-c-table__tr"
      data-ouia-component-id="OUIA-Generated-TableRow-62"
      data-ouia-component-type="PF5/TableRow"
      data-ouia-safe="true"
    >
      <td
        class="pf-v5-c-table__td"
        data-key="0"
        data-label="column-0"
        tabindex="-1"
      >
        aaaa
      </td>
    </tr>
    <tr
      class="pf-v5-c-table__tr"
      data-ouia-component-id="OUIA-Generated-TableRow-63"
      data-ouia-component-type="PF5/TableRow"
      data-ouia-safe="true"
    >
      <td
        class="pf-v5-c-table__td"
        data-key="0"
        data-label="column-0"
        tabindex="-1"
      >
        bbbb
      </td>
    </tr>
    <tr
      class="pf-v5-c-table__tr"
      data-ouia-component-id="OUIA-Generated-TableRow-64"
      data-ouia-component-type="PF5/TableRow"
      data-ouia-safe="true"
    >
      <td
        class="pf-v5-c-table__td"
        data-key="0"
        data-label="column-0"
        tabindex="-1"
      >
        cccc
      </td>
    </tr>
    <tr
      class="pf-v5-c-table__tr"
      data-ouia-component-id="OUIA-Generated-TableRow-65"
      data-ouia-component-type="PF5/TableRow"
      data-ouia-safe="true"
    >
      <td
        class="pf-v5-c-table__td"
        data-key="0"
        data-label="column-0"
        tabindex="-1"
      >
        aaaa
      </td>
    </tr>
    <tr
      class="pf-v5-c-table__tr"
      data-ouia-component-id="OUIA-Generated-TableRow-66"
      data-ouia-component-type="PF5/TableRow"
      data-ouia-safe="true"
    >
      <td
        class="pf-v5-c-table__td"
        data-key="0"
        data-label="column-0"
        tabindex="-1"
      >
        bbbb
      </td>
    </tr>
    <tr
      class="pf-v5-c-table__tr"
      data-ouia-component-id="OUIA-Generated-TableRow-67"
      data-ouia-component-type="PF5/TableRow"
      data-ouia-safe="true"
    >
      <td
        class="pf-v5-c-table__td"
        data-key="0"
        data-label="column-0"
        tabindex="-1"
      >
        cccc
      </td>
    </tr>
    <tr
      class="pf-v5-c-table__tr"
      data-ouia-component-id="OUIA-Generated-TableRow-68"
      data-ouia-component-type="PF5/TableRow"
      data-ouia-safe="true"
    >
      <td
        class="pf-v5-c-table__td"
        data-key="0"
        data-label="column-0"
        tabindex="-1"
      >
        aaaa
      </td>
    </tr>
    <tr
      class="pf-v5-c-table__tr"
      data-ouia-component-id="OUIA-Generated-TableRow-69"
      data-ouia-component-type="PF5/TableRow"
      data-ouia-safe="true"
    >
      <td
        class="pf-v5-c-table__td"
        data-key="0"
        data-label="column-0"
        tabindex="-1"
      >
        bbbb
      </td>
    </tr>
    <tr
      class="pf-v5-c-table__tr"
      data-ouia-component-id="OUIA-Generated-TableRow-70"
      data-ouia-component-type="PF5/TableRow"
      data-ouia-safe="true"
    >
      <td
        class="pf-v5-c-table__td"
        data-key="0"
        data-label="column-0"
        tabindex="-1"
      >
        cccc
      </td>
    </tr>
    <tr
      class="pf-v5-c-table__tr"
      data-ouia-component-id="OUIA-Generated-TableRow-71"
      data-ouia-component-type="PF5/TableRow"
      data-ouia-safe="true"
    >
      <td
        class="pf-v5-c-table__td"
        data-key="0"
        data-label="column-0"
        tabindex="-1"
      >
        aaaa
      </td>
    </tr>
    <tr
      class="pf-v5-c-table__tr"
      data-ouia-component-id="OUIA-Generated-TableRow-72"
      data-ouia-component-type="PF5/TableRow"
      data-ouia-safe="true"
    >
      <td
        class="pf-v5-c-table__td"
        data-key="0"
        data-label="column-0"
        tabindex="-1"
      >
        bbbb
      </td>
    </tr>
    <tr
      class="pf-v5-c-table__tr"
      data-ouia-component-id="OUIA-Generated-TableRow-73"
      data-ouia-component-type="PF5/TableRow"
      data-ouia-safe="true"
    >
      <td
        class="pf-v5-c-table__td"
        data-key="0"
        data-label="column-0"
        tabindex="-1"
      >
        cccc
      </td>
    </tr>
    <tr
      class="pf-v5-c-table__tr"
      data-ouia-component-id="OUIA-Generated-TableRow-74"
      data-ouia-component-type="PF5/TableRow"
      data-ouia-safe="true"
    >
      <td
        class="pf-v5-c-table__td"
        data-key="0"
        data-label="column-0"
        tabindex="-1"
      >
        aaaa
      </td>
    </tr>
    <tr
      class="pf-v5-c-table__tr"
      data-ouia-component-id="OUIA-Generated-TableRow-75"
      data-ouia-component-type="PF5/TableRow"
      data-ouia-safe="true"
    >
      <td
        class="pf-v5-c-table__td"
        data-key="0"
        data-label="column-0"
        tabindex="-1"
      >
        bbbb
      </td>
    </tr>
    <tr
      class="pf-v5-c-table__tr"
      data-ouia-component-id="OUIA-Generated-TableRow-76"
      data-ouia-component-type="PF5/TableRow"
      data-ouia-safe="true"
    >
      <td
        class="pf-v5-c-table__td"
        data-key="0"
        data-label="column-0"
        tabindex="-1"
      >
        cccc
      </td>
    </tr>
  </tbody>
</table>
`;
