// Jest Snapshot v1, https://goo.gl/fbAQLP

exports[`<Groups /> should render correctly 1`] = `
<Groups
  fetchGroups={[Function]}
  groups={Array []}
  isLoading={false}
  pagination={
    Object {
      "count": 0,
      "limit": 10,
      "offset": 0,
    }
  }
  store={
    Object {
      "clearActions": [Function],
      "dispatch": [Function],
      "getActions": [Function],
      "getState": [Function],
      "replaceReducer": [Function],
      "subscribe": [Function],
    }
  }
  storeSubscription={
    Subscription {
      "listeners": Object {
        "clear": [Function],
        "get": [Function],
        "notify": [Function],
        "subscribe": [Function],
      },
      "onStateChange": [Function],
      "parentSub": undefined,
      "store": Object {
        "clearActions": [Function],
        "dispatch": [Function],
        "getActions": [Function],
        "getState": [Function],
        "replaceReducer": [Function],
        "subscribe": [Function],
      },
      "unsubscribe": [Function],
    }
  }
  userIdentity={Object {}}
/>
`;

exports[`<Groups /> should render correctly in loading state 1`] = `
<Groups
  fetchGroups={[Function]}
  groups={Array []}
  isLoading={false}
  pagination={
    Object {
      "count": 0,
      "limit": 10,
      "offset": 0,
    }
  }
  store={
    Object {
      "clearActions": [Function],
      "dispatch": [Function],
      "getActions": [Function],
      "getState": [Function],
      "replaceReducer": [Function],
      "subscribe": [Function],
    }
  }
  storeSubscription={
    Subscription {
      "listeners": Object {
        "clear": [Function],
        "get": [Function],
        "notify": [Function],
        "subscribe": [Function],
      },
      "onStateChange": [Function],
      "parentSub": undefined,
      "store": Object {
        "clearActions": [Function],
        "dispatch": [Function],
        "getActions": [Function],
        "getState": [Function],
        "replaceReducer": [Function],
        "subscribe": [Function],
      },
      "unsubscribe": [Function],
    }
  }
  userIdentity={Object {}}
/>
`;
