// Jest Snapshot v1, https://goo.gl/fbAQLP

exports[`<AddGroupMembers /> should render correctly 1`] = `
<ContextProvider
  value={
    Object {
      "store": Object {
        "clearActions": [Function],
        "dispatch": [Function],
        "getActions": [Function],
        "getState": [Function],
        "replaceReducer": [Function],
        "subscribe": [Function],
      },
      "subscription": Subscription {
        "handleChangeWrapper": [Function],
        "listeners": Object {
          "notify": [Function],
        },
        "onStateChange": [Function],
        "parentSub": undefined,
        "store": Object {
          "clearActions": [Function],
          "dispatch": [Function],
          "getActions": [Function],
          "getState": [Function],
          "replaceReducer": [Function],
          "subscribe": [Function],
        },
        "unsubscribe": null,
      },
    }
  }
>
  <MemoryRouter
    initialEntries={
      Array [
        "/groups/detail/test-group/members/add_members",
      ]
    }
  >
    <withRouter(Connect(AddGroupMembers)) />
  </MemoryRouter>
</ContextProvider>
`;
