// Jest Snapshot v1, https://goo.gl/fbAQLP

exports[`<GroupPrincipals /> should render correctly loader 1`] = `
<ListLoader
  items={5}
/>
`;

exports[`<GroupPrincipals /> should render correctly with data 1`] = `
<TableToolbarView
  actionResolver={[Function]}
  borders={true}
  checkedRows={Array []}
  columns={
    Array [
      Object {
        "title": "Status",
        "transforms": Array [
          [Function],
        ],
      },
      Object {
        "title": "Username",
      },
      Object {
        "title": "Email",
      },
      Object {
        "title": "Last name",
      },
      Object {
        "title": "First name",
      },
    ]
  }
  createRows={[Function]}
  data={
    Array [
      Object {
        "email": "test",
        "first_name": "test",
        "is_active": true,
        "last_name": "test",
        "username": "test",
        "uuid": "test",
      },
      Object {
        "email": "test2",
        "first_name": "test2",
        "is_active": false,
        "last_name": "test2",
        "username": "test2",
        "uuid": "test2",
      },
    ]
  }
  emptyProps={
    Object {
      "description": Array [
        "Add a user to configure user access.",
        "",
      ],
      "title": "There are no members in this group",
    }
  }
  fetchData={[Function]}
  filterItems={Array []}
  filterPlaceholder="username"
  filterValue=""
  filters={Array []}
  hideFilterChips={false}
  isCollapsible={false}
  isCompact={false}
  isFilterable={false}
  isLoading={false}
  isSelectable={false}
  pagination={
    Object {
      "count": 2,
      "limit": 10,
      "offset": 0,
    }
  }
  routes={[Function]}
  rowWrapper={[Function]}
  setCheckedItems={[Function]}
  setFilterValue={[Function]}
  titlePlural="members"
  titleSingular="member"
  toolbarButtons={[Function]}
/>
`;

exports[`<GroupPrincipals /> should render correctly with default group 1`] = `
Array [
  <Section
    id="tab-principals"
    type="content"
  >
    <section
      className="ins-l-content"
      id="tab-principals"
    >
       
      <Card>
        <article
          className="pf-c-card"
          data-ouia-component-id={26}
          data-ouia-component-type="PF4/Card"
          data-ouia-safe={true}
        >
          <CardBody>
            <div
              className="pf-c-card__body"
            >
              <Bullseye>
                <div
                  className="pf-l-bullseye"
                >
                  <TextContent>
                    <div
                      className="pf-c-content"
                    >
                      <Text
                        component="h1"
                      >
                        <h1
                          className=""
                          data-pf-content={true}
                        >
                          All users in this organization are members of this group.
                        </h1>
                      </Text>
                    </div>
                  </TextContent>
                </div>
              </Bullseye>
            </div>
          </CardBody>
        </article>
      </Card>
       
    </section>
  </Section>,
  <section
    className="ins-l-content"
    id="tab-principals"
  >
     
    <Card>
      <article
        className="pf-c-card"
        data-ouia-component-id={26}
        data-ouia-component-type="PF4/Card"
        data-ouia-safe={true}
      >
        <CardBody>
          <div
            className="pf-c-card__body"
          >
            <Bullseye>
              <div
                className="pf-l-bullseye"
              >
                <TextContent>
                  <div
                    className="pf-c-content"
                  >
                    <Text
                      component="h1"
                    >
                      <h1
                        className=""
                        data-pf-content={true}
                      >
                        All users in this organization are members of this group.
                      </h1>
                    </Text>
                  </div>
                </TextContent>
              </div>
            </Bullseye>
          </div>
        </CardBody>
      </article>
    </Card>
     
  </section>,
]
`;

exports[`<GroupPrincipals /> should render correctly with empty members 1`] = `
<EmptyWithFilter
  description={
    Array [
      "Add a user to configure user access.",
      "",
    ]
  }
  icon={[Function]}
  title="There are no members in this group"
/>
`;

exports[`<GroupPrincipals /> should render correctly with org admin rights 1`] = `
<TableToolbarView
  actionResolver={[Function]}
  borders={true}
  checkedRows={Array []}
  columns={
    Array [
      Object {
        "title": "Status",
        "transforms": Array [
          [Function],
        ],
      },
      Object {
        "title": "Username",
      },
      Object {
        "title": "Email",
      },
      Object {
        "title": "Last name",
      },
      Object {
        "title": "First name",
      },
    ]
  }
  createRows={[Function]}
  data={
    Array [
      Object {
        "email": "test",
        "first_name": "test",
        "is_active": true,
        "last_name": "test",
        "username": "test",
        "uuid": "test",
      },
      Object {
        "email": "test2",
        "first_name": "test2",
        "is_active": false,
        "last_name": "test2",
        "username": "test2",
        "uuid": "test2",
      },
    ]
  }
  emptyProps={
    Object {
      "description": Array [
        "Add a user to configure user access.",
        "",
      ],
      "title": "There are no members in this group",
    }
  }
  fetchData={[Function]}
  filterItems={Array []}
  filterPlaceholder="username"
  filterValue=""
  filters={Array []}
  hideFilterChips={false}
  isCollapsible={false}
  isCompact={false}
  isFilterable={false}
  isLoading={false}
  isSelectable={false}
  pagination={
    Object {
      "count": 2,
      "limit": 10,
      "offset": 0,
    }
  }
  routes={[Function]}
  rowWrapper={[Function]}
  setCheckedItems={[Function]}
  setFilterValue={[Function]}
  titlePlural="members"
  titleSingular="member"
  toolbarButtons={[Function]}
/>
`;
