// Jest Snapshot v1, https://goo.gl/fbAQLP

exports[`<User /> should render user 1`] = `
<div>
  <div
    class="pf-v5-l-stack"
  >
    <div
      class="pf-v5-l-stack__item"
    >
      <section
        class="pf-v5-c-page__main-breadcrumb"
      >
        <nav
          aria-label="Breadcrumb"
          class="pf-v5-c-breadcrumb"
          data-ouia-component-id="OUIA-Generated-Breadcrumb-1"
          data-ouia-component-type="PF5/Breadcrumb"
          data-ouia-safe="true"
        >
          <ol
            class="pf-v5-c-breadcrumb__list"
            role="list"
          >
            <li
              class="pf-v5-c-breadcrumb__item"
            >
              <a
                class=""
                href="/iam/user-access/users"
              >
                Users
              </a>
            </li>
            <li
              class="pf-v5-c-breadcrumb__item"
            >
              <span
                class="pf-v5-c-breadcrumb__item-divider"
              >
                <svg
                  aria-hidden="true"
                  class="pf-v5-svg"
                  fill="currentColor"
                  height="1em"
                  role="img"
                  viewBox="0 0 256 512"
                  width="1em"
                >
                  <path
                    d="M224.3 273l-136 136c-9.4 9.4-24.6 9.4-33.9 0l-22.6-22.6c-9.4-9.4-9.4-24.6 0-33.9l96.4-96.4-96.4-96.4c-9.4-9.4-9.4-24.6 0-33.9L54.3 103c9.4-9.4 24.6-9.4 33.9 0l136 136c9.5 9.4 9.5 24.6.1 34z"
                  />
                </svg>
              </span>
              epacific-insights
            </li>
          </ol>
        </nav>
      </section>
      <section
        class="rbac-page-header pf-v5-l-page-header pf-v5-c-page-header pf-v5-l-page__main-section pf-v5-c-page__main-section pf-m-light"
        data-ouia-component-id="OUIA-Generated-RHI/Header-true-1"
        data-ouia-component-type="RHI/Header"
        data-ouia-safe="true"
        widget-type="InsightsPageHeader"
      >
        <div
          class="pf-v5-l-flex"
        >
          <div
            class="pf-v5-u-mb-sm"
          >
            <div
              class="pf-v5-l-flex pf-m-justify-content-space-between"
            >
              <div
                class="pf-v5-u-flex-grow-1"
              >
                <h1
                  class="pf-v5-c-title pf-m-2xl rbac-page-header__title"
                  data-ouia-component-id="OUIA-Generated-RHI/Header-true-2"
                  data-ouia-component-type="RHI/Header"
                  data-ouia-safe="true"
                  widget-type="InsightsPageHeaderTitle"
                >
                  epacific-insights
                </h1>
              </div>
            </div>
          </div>
          <div
            class="pf-m-align-self-center"
          >
            <span
              class="pf-v5-c-label pf-m-green"
            >
              <span
                class="pf-v5-c-label__content"
              >
                <span
                  class="pf-v5-c-label__text"
                >
                  Active
                </span>
              </span>
            </span>
          </div>
        </div>
        <div
          class="pf-v5-c-content"
        >
          Org. Administrator: 
          <svg
            aria-hidden="true"
            class="pf-v5-svg pf-v5-u-mx-sm"
            fill="currentColor"
            height="1em"
            role="img"
            viewBox="0 0 730 1024"
            width="1em"
          >
            <path
              d="M725.499315,767.757345 L469.242169,511.500499 L725.499315,255.243653 C729.196254,251.545719 731.096195,247.248119 731,242.4498 C731,237.653479 728.997365,233.35588 725.299427,229.558002 L647.542773,151.701495 C643.743891,147.903617 639.446287,146 634.64996,146 C629.852635,146 625.55503,147.803673 621.857092,151.500607 L365.5,407.857398 L109.241857,151.500607 C105.544917,147.803673 101.246314,145.904733 96.4499876,146 C91.6526619,146.104622 87.3550577,148.002562 83.5571748,151.701495 L5.7005771,229.457058 C1.90269428,233.255936 0,237.553535 0,242.350855 C0,247.148175 1.80175055,251.444775 5.50068853,255.143709 L261.857779,511.500499 L5.50068853,767.757345 C1.80175055,771.454279 -0.0961914123,775.752878 0,779.750645 C0.103697157,784.547965 2.00263857,788.845564 5.7005771,792.642443 L83.4572306,871.299502 C87.2541139,875.096381 91.5527176,877 96.3500433,877 C101.147369,877 105.444973,875.197325 109.142912,871.499391 L365.400058,615.241545 L621.657203,871.499391 C625.355142,875.197325 629.652746,877.095265 634.449072,877 C639.246398,877 643.545002,874.997437 647.342885,871.299502 L725.099538,793.54294 C728.896421,789.745062 730.796362,785.446463 730.796362,780.649143 C731.096195,775.752878 729.196254,771.454279 725.499315,767.757345"
            />
          </svg>
          No
        </div>
        <p
          class=""
          data-ouia-component-id="OUIA-Generated-Text-1"
          data-ouia-component-type="PF5/Text"
          data-ouia-safe="true"
          data-pf-content="true"
        >
          Email: user@redhat.com
        </p>
        <div
          class="pf-v5-c-content"
        >
          <p
            class=""
            data-ouia-component-id="OUIA-Generated-Text-2"
            data-ouia-component-type="PF5/Text"
            data-ouia-safe="true"
            data-pf-content="true"
          >
            Username: epacific-insights
          </p>
        </div>
      </section>
    </div>
    <div
      class="pf-v5-l-stack__item"
    >
      <section
        class="rbac-c-user-roles ins-l-content"
      >
         
        <div>
          <div
            class="pf-v5-c-empty-state pf-m-sm"
          >
            <div
              class="pf-v5-c-empty-state__content"
            >
              <div
                class="pf-v5-c-empty-state__header"
              >
                <div
                  class="pf-v5-c-empty-state__icon"
                >
                  <svg
                    aria-hidden="true"
                    class="pf-v5-svg"
                    fill="currentColor"
                    height="1em"
                    role="img"
                    viewBox="0 0 512 512"
                    width="1em"
                  >
                    <path
                      d="M256 8C119 8 8 119 8 256s111 248 248 248 248-111 248-248S393 8 256 8zm144 276c0 6.6-5.4 12-12 12h-92v92c0 6.6-5.4 12-12 12h-56c-6.6 0-12-5.4-12-12v-92h-92c-6.6 0-12-5.4-12-12v-56c0-6.6 5.4-12 12-12h92v-92c0-6.6 5.4-12 12-12h56c6.6 0 12 5.4 12 12v92h92c6.6 0 12 5.4 12 12v56z"
                    />
                  </svg>
                </div>
                <div
                  class="pf-v5-c-empty-state__title"
                >
                  <h4
                    class="pf-v5-c-empty-state__title-text"
                  >
                    Configure {items}
                  </h4>
                </div>
              </div>
              <div
                class="pf-v5-c-empty-state__body pf-v5-u-mb-md"
              >
                To configure user access to applications
                 
                <br />
                create at least one {item}
                 
                <br />
              </div>
              <div
                class="pf-v5-c-empty-state__footer"
              />
            </div>
          </div>
        </div>
         
      </section>
    </div>
  </div>
</div>
`;
