// Jest Snapshot v1, https://goo.gl/fbAQLP

exports[`<SetRoles /> should render correctly 1`] = `
<GroupWrapper
  store={
    Object {
      "clearActions": [Function],
      "dispatch": [Function],
      "getActions": [Function],
      "getState": [Function],
      "replaceReducer": [Function],
      "subscribe": [Function],
    }
  }
>
  <Provider
    store={
      Object {
        "clearActions": [Function],
        "dispatch": [Function],
        "getActions": [Function],
        "getState": [Function],
        "replaceReducer": [Function],
        "subscribe": [Function],
      }
    }
  >
    <MemoryRouter
      initialEntries={
        Array [
          "/policies/",
          "/policy/add-role/",
        ]
      }
      initialIndex={1}
      keyLength={0}
    >
      <Router
        history={
          Object {
            "action": "POP",
            "block": [Function],
            "canGo": [Function],
            "createHref": [Function],
            "entries": Array [
              Object {
                "hash": "",
                "pathname": "/policies/",
                "search": "",
                "state": undefined,
              },
              Object {
                "hash": "",
                "pathname": "/policy/add-role/",
                "search": "",
                "state": undefined,
              },
            ],
            "go": [Function],
            "goBack": [Function],
            "goForward": [Function],
            "index": 1,
            "length": 2,
            "listen": [Function],
            "location": Object {
              "hash": "",
              "pathname": "/policy/add-role/",
              "search": "",
              "state": undefined,
            },
            "push": [Function],
            "replace": [Function],
          }
        }
      >
        <Route
          path="/groups/add-group/"
          render={[Function]}
        />
      </Router>
    </MemoryRouter>
  </Provider>
</GroupWrapper>
`;
