// Jest Snapshot v1, https://goo.gl/fbAQLP

exports[`<SummaryContent /> should render correctly 1`] = `
<SummaryContent
  formData={
    Object {
      "selectedRoles": Array [],
      "selectedUsers": Array [],
      "values": Object {
        "description": "This is a test",
        "name": "TestGroupName",
        "policy": Object {
          "description": "Test Policy Description",
          "name": "TestPolicyName",
        },
      },
    }
  }
>
  <Stack
    hasGutter={true}
  >
    <div
      className="pf-l-stack pf-m-gutter"
    >
      <StackItem>
        <div
          className="pf-l-stack__item"
        >
          <Stack
            hasGutter={true}
          >
            <div
              className="pf-l-stack pf-m-gutter"
            >
              <StackItem>
                <div
                  className="pf-l-stack__item"
                >
                  <TextContent>
                    <div
                      className="pf-c-content"
                    >
                      <Title
                        headingLevel="h4"
                        size="xl"
                      >
                        <h4
                          className="pf-c-title pf-m-xl"
                        >
                          Review details
                        </h4>
                      </Title>
                    </div>
                  </TextContent>
                </div>
              </StackItem>
              <StackItem
                className="ins-c-rbac__summary"
              >
                <div
                  className="pf-l-stack__item ins-c-rbac__summary"
                >
                  <Grid
                    hasGutter={true}
                  >
                    <div
                      className="pf-l-grid pf-m-gutter"
                    >
                      <GridItem
                        span={3}
                      >
                        <div
                          className="pf-l-grid__item pf-m-3-col"
                        >
                          <Text
                            className="pf-c-title"
                            component="h6"
                          >
                            <h6
                              className="pf-c-title"
                              data-pf-content={true}
                            >
                              Group name
                            </h6>
                          </Text>
                        </div>
                      </GridItem>
                      <GridItem
                        span={9}
                      >
                        <div
                          className="pf-l-grid__item pf-m-9-col"
                        >
                          <Text
                            component="p"
                          >
                            <p
                              className=""
                              data-pf-content={true}
                            />
                          </Text>
                        </div>
                      </GridItem>
                    </div>
                  </Grid>
                  <Grid
                    hasGutter={true}
                  >
                    <div
                      className="pf-l-grid pf-m-gutter"
                    >
                      <GridItem
                        span={3}
                      >
                        <div
                          className="pf-l-grid__item pf-m-3-col"
                        >
                          <Text
                            className="pf-c-title"
                            component="h6"
                          >
                            <h6
                              className="pf-c-title"
                              data-pf-content={true}
                            >
                              Group description
                            </h6>
                          </Text>
                        </div>
                      </GridItem>
                      <GridItem
                        span={9}
                      >
                        <div
                          className="pf-l-grid__item pf-m-9-col"
                        >
                          <Text
                            component="p"
                          >
                            <p
                              className=""
                              data-pf-content={true}
                            />
                          </Text>
                        </div>
                      </GridItem>
                    </div>
                  </Grid>
                  <Grid
                    hasGutter={true}
                  >
                    <div
                      className="pf-l-grid pf-m-gutter"
                    >
                      <GridItem
                        span={3}
                      >
                        <div
                          className="pf-l-grid__item pf-m-3-col"
                        >
                          <Text
                            className="pf-c-title"
                            component="h6"
                          >
                            <h6
                              className="pf-c-title"
                              data-pf-content={true}
                            >
                              Roles
                            </h6>
                          </Text>
                        </div>
                      </GridItem>
                      <GridItem
                        span={9}
                      >
                        <div
                          className="pf-l-grid__item pf-m-9-col"
                        >
                          <Text
                            component="p"
                          >
                            <p
                              className=""
                              data-pf-content={true}
                            />
                          </Text>
                        </div>
                      </GridItem>
                    </div>
                  </Grid>
                  <Grid
                    hasGutter={true}
                  >
                    <div
                      className="pf-l-grid pf-m-gutter"
                    >
                      <GridItem
                        span={3}
                      >
                        <div
                          className="pf-l-grid__item pf-m-3-col"
                        >
                          <Text
                            className="pf-c-title"
                            component="h6"
                          >
                            <h6
                              className="pf-c-title"
                              data-pf-content={true}
                            >
                              Members
                            </h6>
                          </Text>
                        </div>
                      </GridItem>
                      <GridItem
                        span={9}
                      >
                        <div
                          className="pf-l-grid__item pf-m-9-col"
                        >
                          <Text
                            component="p"
                          >
                            <p
                              className=""
                              data-pf-content={true}
                            />
                          </Text>
                        </div>
                      </GridItem>
                    </div>
                  </Grid>
                </div>
              </StackItem>
            </div>
          </Stack>
        </div>
      </StackItem>
    </div>
  </Stack>
</SummaryContent>
`;
